u:\develop\runroot\release64\plantsdk\samples\common\projectlistfolder\x64\release\projectlist.pch
u:\develop\runroot\release64\plantsdk\samples\common\projectlistfolder\x64\release\stdafx.obj
u:\develop\runroot\release64\plantsdk\samples\common\projectlistfolder\x64\release\projectlistclr.obj
u:\develop\runroot\release64\plantsdk\samples\common\projectlistfolder\x64\release\docdata.obj
u:\develop\runroot\release64\plantsdk\samples\common\projectlistfolder\x64\release\acrxentrypoint.obj
u:\develop\runroot\release64\plantsdk\samples\common\projectlistfolder\x64\release\projectlist.obj
u:\develop\runroot\release64\plantsdk\samples\common\projectlistfolder\x64\release\.netframework,version=v4.7.2.assemblyattributes.obj
u:\develop\runroot\release64\plantsdk\samples\common\projectlistfolder\x64\release\projectlist.arx
u:\develop\runroot\release64\plantsdk\samples\common\projectlistfolder\x64\release\projectlist.tlog\metagen.write.1.tlog
u:\develop\runroot\release64\plantsdk\samples\common\projectlistfolder\x64\release\projectlist.lib
u:\develop\runroot\release64\plantsdk\samples\common\projectlistfolder\x64\release\projectlist.exp
u:\develop\runroot\release64\plantsdk\samples\common\projectlistfolder\x64\release\projectlist.res
u:\develop\runroot\release64\plantsdk\samples\common\projectlistfolder\x64\release\projectlist.arx.metagen
u:\develop\runroot\release64\plantsdk\samples\common\projectlistfolder\x64\release\projectlist.tlog\cl.command.1.tlog
u:\develop\runroot\release64\plantsdk\samples\common\projectlistfolder\x64\release\projectlist.tlog\cl.read.1.tlog
u:\develop\runroot\release64\plantsdk\samples\common\projectlistfolder\x64\release\projectlist.tlog\cl.write.1.tlog
u:\develop\runroot\release64\plantsdk\samples\common\projectlistfolder\x64\release\projectlist.tlog\link.command.1.tlog
u:\develop\runroot\release64\plantsdk\samples\common\projectlistfolder\x64\release\projectlist.tlog\link.read.1.tlog
u:\develop\runroot\release64\plantsdk\samples\common\projectlistfolder\x64\release\projectlist.tlog\link.write.1.tlog
u:\develop\runroot\release64\plantsdk\samples\common\projectlistfolder\x64\release\projectlist.tlog\metagen.read.1.tlog
u:\develop\runroot\release64\plantsdk\samples\common\projectlistfolder\x64\release\projectlist.tlog\projectlist.write.1u.tlog
u:\develop\runroot\release64\plantsdk\samples\common\projectlistfolder\x64\release\projectlist.tlog\rc.command.1.tlog
u:\develop\runroot\release64\plantsdk\samples\common\projectlistfolder\x64\release\projectlist.tlog\rc.read.1.tlog
u:\develop\runroot\release64\plantsdk\samples\common\projectlistfolder\x64\release\projectlist.tlog\rc.write.1.tlog
u:\develop\runroot\release64\plantsdk\samples\common\projectlistfolder\x64\release\projectlist.tlog\acdbmgd.dll.metagen
